ASxxxx Linker V03.00 + NoICE + sdld,  page 1.
Hexadecimal  [32-Bits]

Area                                    Addr        Size        Decimal Bytes (Attributes)
--------------------------------        ----        ----        ------- ----- ------------
CABS                                00000000    00000000 =           0. bytes (ABS,CON,CODE)

      Value  Global                              Global Defined In Module
      -----  --------------------------------   ------------------------
C:   00000000  l_CABS                          
C:   00000000  l_GSINIT1                       
C:   00000000  l_GSINIT5                       
C:   00000000  l_IABS                          
C:   00000000  l_ISEG                          
C:   00000000  l_OSEG                          
C:   00000000  l_PSEG                          
C:   00000000  l_REG_BANK_2                    
C:   00000000  l_REG_BANK_3                    
C:   00000000  l_RSEG                          
C:   00000000  l_RSEG0                         
C:   00000000  l_RSEG1                         
C:   00000000  l_XABS                          
C:   00000000  l_XINIT                         
C:   00000000  l_XISEG                         
C:   00000000  l_XSEG                          
C:   00000000  l__CODE                         
C:   00000000  s_BSEG                          
C:   00000000  s_CABS                          
C:   00000000  s_DSEG                          
C:   00000000  s_HOME                          
C:   00000000  s_IABS                          
C:   00000000  s_ISEG                          
C:   00000000  s_REG_BANK_0                    
C:   00000000  s_RSEG                          
C:   00000000  s_RSEG0                         
C:   00000000  s_RSEG1                         
C:   00000000  s_XABS                          
C:   00000001  l_BIT_BANK                      
C:   00000001  l_BSEG                          
C:   00000001  l_BSEG_BYTES                    
C:   00000001  s_PSEG                          
C:   00000001  s_XISEG                         
C:   00000001  s_XSEG                          
C:   00000003  l_GSFINAL                       
C:   00000003  l_GSINIT                        
C:   00000003  l_GSINIT0                       
C:   00000008  l_REG_BANK_0                    
C:   00000008  l_REG_BANK_1                    
C:   00000008  s_REG_BANK_1                    
C:   0000000A  l_GSINIT2                       
C:   00000010  s_REG_BANK_2                    
C:   00000016  l_SSEG                          
C:   00000018  s_REG_BANK_3                    
C:   00000020  s_BSEG_BYTES                    
C:   00000020  s__CODE                         
C:   00000021  s_BIT_BANK                      
C:   00000021  s_OSEG                          
C:   00000022  l_GSINIT3                       
C:   00000029  l_HOME                          
ASxxxx Linker V03.00 + NoICE + sdld,  page 2.
Hexadecimal  [32-Bits]

Area                                    Addr        Size        Decimal Bytes (Attributes)
--------------------------------        ----        ----        ------- ----- ------------
CABS                                00000000    00000000 =           0. bytes (ABS,CON,CODE)

      Value  Global                              Global Defined In Module
      -----  --------------------------------   ------------------------
C:   00000029  s_GSINIT0                       
C:   0000002A  l_GSINIT4                       
C:   0000002C  s_GSINIT1                       
C:   0000002C  s_GSINIT2                       
C:   00000036  s_GSINIT3                       
C:   00000057  l_CONST                         
C:   00000058  s_GSINIT4                       
C:   0000006A  s_SSEG                          
C:   00000070  l_DSEG                          
C:   00000080  l_IRAM                          
C:   00000082  s_GSINIT                        
C:   00000082  s_GSINIT5                       
C:   00000085  s_GSFINAL                       
C:   00000088  s_CSEG                          
C:   00000859  l_CSEG                          
C:   000008E1  s_CONST                         
C:   00000938  s_XINIT                         

ASxxxx Linker V03.00 + NoICE + sdld,  page 3.
Hexadecimal  [32-Bits]

Area                                    Addr        Size        Decimal Bytes (Attributes)
--------------------------------        ----        ----        ------- ----- ------------
.  .ABS.                            00000000    00000000 =           0. bytes (ABS,CON)

      Value  Global                              Global Defined In Module
      -----  --------------------------------   ------------------------
     00000000  .__.ABS.                           _fsget1arg
     00000080  _P0                                LanbonL6_customfirmware
     00000080  _P0_0                              LanbonL6_customfirmware
     00000081  _P0_1                              LanbonL6_customfirmware
     00000081  _SP                                LanbonL6_customfirmware
     00000082  _DPL                               LanbonL6_customfirmware
     00000082  _P0_2                              LanbonL6_customfirmware
     00000083  _DPH                               LanbonL6_customfirmware
     00000083  _P0_3                              LanbonL6_customfirmware
     00000084  _P0_4                              LanbonL6_customfirmware
     00000085  _P0_5                              LanbonL6_customfirmware
     00000086  _P0_6                              LanbonL6_customfirmware
     00000087  _P0_7                              LanbonL6_customfirmware
     00000087  _PCON                              LanbonL6_customfirmware
     00000088  _IT0                               LanbonL6_customfirmware
     00000088  _TCON                              LanbonL6_customfirmware
     00000089  _IE0                               LanbonL6_customfirmware
     00000089  _TMOD                              LanbonL6_customfirmware
     0000008A  _IT1                               LanbonL6_customfirmware
     0000008A  _TL0                               LanbonL6_customfirmware
     0000008B  _IE1                               LanbonL6_customfirmware
     0000008B  _TL1                               LanbonL6_customfirmware
     0000008C  _TH0                               LanbonL6_customfirmware
     0000008C  _TR0                               LanbonL6_customfirmware
     0000008D  _TF0                               LanbonL6_customfirmware
     0000008D  _TH1                               LanbonL6_customfirmware
     0000008E  _AUXR                              LanbonL6_customfirmware
     0000008E  _TR1                               LanbonL6_customfirmware
     0000008F  _TF1                               LanbonL6_customfirmware
     00000090  _P1                                LanbonL6_customfirmware
     00000090  _P1_0                              LanbonL6_customfirmware
     00000091  _P1M1                              LanbonL6_customfirmware
     00000091  _P1_1                              LanbonL6_customfirmware
     00000092  _P1M0                              LanbonL6_customfirmware
     00000092  _P1_2                              LanbonL6_customfirmware
     00000093  _P0M1                              LanbonL6_customfirmware
     00000093  _P1_3                              LanbonL6_customfirmware
     00000094  _P0M0                              LanbonL6_customfirmware
     00000094  _P1_4                              LanbonL6_customfirmware
     00000095  _P1_5                              LanbonL6_customfirmware
     00000095  _P2M1                              LanbonL6_customfirmware
     00000096  _P1_6                              LanbonL6_customfirmware
     00000096  _P2M0                              LanbonL6_customfirmware
     00000097  _P1_7                              LanbonL6_customfirmware
     00000098  _RI                                LanbonL6_customfirmware
     00000098  _SCON                              LanbonL6_customfirmware
     00000099  _SBUF                              LanbonL6_customfirmware
     00000099  _TI                                LanbonL6_customfirmware
     0000009A  _RB8                               LanbonL6_customfirmware
     0000009B  _TB8                               LanbonL6_customfirmware
ASxxxx Linker V03.00 + NoICE + sdld,  page 4.
Hexadecimal  [32-Bits]

Area                                    Addr        Size        Decimal Bytes (Attributes)
--------------------------------        ----        ----        ------- ----- ------------
.  .ABS.                            00000000    00000000 =           0. bytes (ABS,CON)

      Value  Global                              Global Defined In Module
      -----  --------------------------------   ------------------------
     0000009C  _REN                               LanbonL6_customfirmware
     0000009D  _SM2                               LanbonL6_customfirmware
     0000009E  _SM1                               LanbonL6_customfirmware
     0000009F  _SM0                               LanbonL6_customfirmware
     000000A0  _P2                                LanbonL6_customfirmware
     000000A0  _P2_0                              LanbonL6_customfirmware
     000000A0  __XPAGE                            
     000000A1  _P2_1                              LanbonL6_customfirmware
     000000A2  _AUXR1                             LanbonL6_customfirmware
     000000A2  _P2_2                              LanbonL6_customfirmware
     000000A2  _P_SW1                             LanbonL6_customfirmware
     000000A3  _P2_3                              LanbonL6_customfirmware
     000000A4  _P2_4                              LanbonL6_customfirmware
     000000A5  _P2_5                              LanbonL6_customfirmware
     000000A6  _P2_6                              LanbonL6_customfirmware
     000000A7  _P2_7                              LanbonL6_customfirmware
     000000A8  _EX0                               LanbonL6_customfirmware
     000000A8  _IE                                LanbonL6_customfirmware
     000000A9  _ET0                               LanbonL6_customfirmware
     000000AA  _EX1                               LanbonL6_customfirmware
     000000AB  _ET1                               LanbonL6_customfirmware
     000000AC  _ES                                LanbonL6_customfirmware
     000000AF  _EA                                LanbonL6_customfirmware
     000000B0  _P3                                LanbonL6_customfirmware
     000000B0  _P3_0                              LanbonL6_customfirmware
     000000B0  _RXD                               LanbonL6_customfirmware
     000000B1  _P3M1                              LanbonL6_customfirmware
     000000B1  _P3_1                              LanbonL6_customfirmware
     000000B1  _TXD                               LanbonL6_customfirmware
     000000B2  _INT0                              LanbonL6_customfirmware
     000000B2  _P3M0                              LanbonL6_customfirmware
     000000B2  _P3_2                              LanbonL6_customfirmware
     000000B3  _INT1                              LanbonL6_customfirmware
     000000B3  _P3_3                              LanbonL6_customfirmware
     000000B3  _P4M1                              LanbonL6_customfirmware
     000000B4  _P3_4                              LanbonL6_customfirmware
     000000B4  _P4M0                              LanbonL6_customfirmware
     000000B4  _T0                                LanbonL6_customfirmware
     000000B5  _P3_5                              LanbonL6_customfirmware
     000000B5  _T1                                LanbonL6_customfirmware
     000000B6  _P3_6                              LanbonL6_customfirmware
     000000B6  _WR                                LanbonL6_customfirmware
     000000B7  _P3_7                              LanbonL6_customfirmware
     000000B7  _RD                                LanbonL6_customfirmware
     000000B8  _IP                                LanbonL6_customfirmware
     000000B8  _PX0                               LanbonL6_customfirmware
     000000B9  _PT0                               LanbonL6_customfirmware
     000000BA  _PX1                               LanbonL6_customfirmware
     000000BB  _PT1                               LanbonL6_customfirmware
     000000BC  _PS                                LanbonL6_customfirmware
     000000C2  _IAP_DATA                          LanbonL6_customfirmware
ASxxxx Linker V03.00 + NoICE + sdld,  page 5.
Hexadecimal  [32-Bits]

Area                                    Addr        Size        Decimal Bytes (Attributes)
--------------------------------        ----        ----        ------- ----- ------------
.  .ABS.                            00000000    00000000 =           0. bytes (ABS,CON)

      Value  Global                              Global Defined In Module
      -----  --------------------------------   ------------------------
     000000C3  _IAP_ADDRH                         LanbonL6_customfirmware
     000000C4  _IAP_ADDRL                         LanbonL6_customfirmware
     000000C5  _IAP_CMD                           LanbonL6_customfirmware
     000000C6  _IAP_TRIG                          LanbonL6_customfirmware
     000000C7  _IAP_CONTR                         LanbonL6_customfirmware
     000000C8  _P5_0                              LanbonL6_customfirmware
     000000C9  _P5M1                              LanbonL6_customfirmware
     000000C9  _P5_1                              LanbonL6_customfirmware
     000000CA  _P5M0                              LanbonL6_customfirmware
     000000CA  _P5_2                              LanbonL6_customfirmware
     000000CB  _P5_3                              LanbonL6_customfirmware
     000000CB  _P6M1                              LanbonL6_customfirmware
     000000CC  _P5_4                              LanbonL6_customfirmware
     000000CC  _P6M0                              LanbonL6_customfirmware
     000000CD  _P5_5                              LanbonL6_customfirmware
     000000CE  _P5_6                              LanbonL6_customfirmware
     000000CF  _P5_7                              LanbonL6_customfirmware
     000000D0  _P                                 LanbonL6_customfirmware
     000000D0  _PSW                               LanbonL6_customfirmware
     000000D1  _F1                                LanbonL6_customfirmware
     000000D2  _OV                                LanbonL6_customfirmware
     000000D3  _RS0                               LanbonL6_customfirmware
     000000D4  _RS1                               LanbonL6_customfirmware
     000000D5  _F0                                LanbonL6_customfirmware
     000000D6  _T2H                               LanbonL6_customfirmware
     000000D7  _T2L                               LanbonL6_customfirmware
     000000E0  _ACC                               LanbonL6_customfirmware
     000000E1  _P7M1                              LanbonL6_customfirmware
     000000E2  _P7M0                              LanbonL6_customfirmware
     000000F0  _B                                 LanbonL6_customfirmware
     000000F5  _B_5                               _gptrget
     000000F6  _B_6                               _gptrget
     000000F7  _B_7                               _gptrget

ASxxxx Linker V03.00 + NoICE + sdld,  page 6.
Hexadecimal  [32-Bits]

Area                                    Addr        Size        Decimal Bytes (Attributes)
--------------------------------        ----        ----        ------- ----- ------------
BSEG_BYTES                          00000020    00000001 =           1. bytes (REL,CON)

      Value  Global                              Global Defined In Module
      -----  --------------------------------   ------------------------
ASxxxx Linker V03.00 + NoICE + sdld,  page 7.
Hexadecimal  [32-Bits]

Area                                    Addr        Size        Decimal Bytes (Attributes)
--------------------------------        ----        ----        ------- ----- ------------
REG_BANK_0                          00000000    00000008 =           8. bytes (REL,OVR)

      Value  Global                              Global Defined In Module
      -----  --------------------------------   ------------------------
ASxxxx Linker V03.00 + NoICE + sdld,  page 8.
Hexadecimal  [32-Bits]

Area                                    Addr        Size        Decimal Bytes (Attributes)
--------------------------------        ----        ----        ------- ----- ------------
REG_BANK_1                          00000008    00000008 =           8. bytes (REL,OVR)

      Value  Global                              Global Defined In Module
      -----  --------------------------------   ------------------------
ASxxxx Linker V03.00 + NoICE + sdld,  page 9.
Hexadecimal  [32-Bits]

Area                                    Addr        Size        Decimal Bytes (Attributes)
--------------------------------        ----        ----        ------- ----- ------------
BIT_BANK                            00000021    00000001 =           1. bytes (REL,OVR)

      Value  Global                              Global Defined In Module
      -----  --------------------------------   ------------------------
ASxxxx Linker V03.00 + NoICE + sdld,  page 10.
Hexadecimal  [32-Bits]

Area                                    Addr        Size        Decimal Bytes (Attributes)
--------------------------------        ----        ----        ------- ----- ------------
DSEG                                00000000    00000070 =         112. bytes (REL,CON)

      Value  Global                              Global Defined In Module
      -----  --------------------------------   ------------------------
     00000022  _TX1_Cnt                           LanbonL6_customfirmware
     00000024  _RX1_Cnt                           LanbonL6_customfirmware
     00000026  _RX1_Buffer                        LanbonL6_customfirmware
     00000066  _B_TX1_Busy                        LanbonL6_customfirmware

ASxxxx Linker V03.00 + NoICE + sdld,  page 11.
Hexadecimal  [32-Bits]

Area                                    Addr        Size        Decimal Bytes (Attributes)
--------------------------------        ----        ----        ------- ----- ------------
SSEG                                0000006A    00000016 =          22. bytes (REL,OVR)

      Value  Global                              Global Defined In Module
      -----  --------------------------------   ------------------------
     0000006A  __start__stack                     LanbonL6_customfirmware

ASxxxx Linker V03.00 + NoICE + sdld,  page 12.
Hexadecimal  [32-Bits]

Area                                    Addr        Size        Decimal Bytes (Attributes)
--------------------------------        ----        ----        ------- ----- ------------
HOME                                00000000    00000029 =          41. bytes (REL,CON,CODE)

      Value  Global                              Global Defined In Module
      -----  --------------------------------   ------------------------
C:   00000026  __sdcc_program_startup             LanbonL6_customfirmware

ASxxxx Linker V03.00 + NoICE + sdld,  page 13.
Hexadecimal  [32-Bits]

Area                                    Addr        Size        Decimal Bytes (Attributes)
--------------------------------        ----        ----        ------- ----- ------------
GSINIT0                             00000029    00000003 =           3. bytes (REL,CON,CODE)

      Value  Global                              Global Defined In Module
      -----  --------------------------------   ------------------------
C:   00000029  __sdcc_gsinit_startup              

ASxxxx Linker V03.00 + NoICE + sdld,  page 14.
Hexadecimal  [32-Bits]

Area                                    Addr        Size        Decimal Bytes (Attributes)
--------------------------------        ----        ----        ------- ----- ------------
GSINIT2                             0000002C    0000000A =          10. bytes (REL,CON,CODE)

      Value  Global                              Global Defined In Module
      -----  --------------------------------   ------------------------
ASxxxx Linker V03.00 + NoICE + sdld,  page 15.
Hexadecimal  [32-Bits]

Area                                    Addr        Size        Decimal Bytes (Attributes)
--------------------------------        ----        ----        ------- ----- ------------
GSINIT3                             00000036    00000022 =          34. bytes (REL,CON,CODE)

      Value  Global                              Global Defined In Module
      -----  --------------------------------   ------------------------
C:   00000036  __mcs51_genXINIT                   

ASxxxx Linker V03.00 + NoICE + sdld,  page 16.
Hexadecimal  [32-Bits]

Area                                    Addr        Size        Decimal Bytes (Attributes)
--------------------------------        ----        ----        ------- ----- ------------
GSINIT4                             00000058    0000002A =          42. bytes (REL,CON,CODE)

      Value  Global                              Global Defined In Module
      -----  --------------------------------   ------------------------
C:   00000058  __mcs51_genRAMCLEAR                
C:   0000005E  __mcs51_genXRAMCLEAR               

ASxxxx Linker V03.00 + NoICE + sdld,  page 17.
Hexadecimal  [32-Bits]

Area                                    Addr        Size        Decimal Bytes (Attributes)
--------------------------------        ----        ----        ------- ----- ------------
GSINIT                              00000082    00000003 =           3. bytes (REL,CON,CODE)

      Value  Global                              Global Defined In Module
      -----  --------------------------------   ------------------------
ASxxxx Linker V03.00 + NoICE + sdld,  page 18.
Hexadecimal  [32-Bits]

Area                                    Addr        Size        Decimal Bytes (Attributes)
--------------------------------        ----        ----        ------- ----- ------------
GSFINAL                             00000085    00000003 =           3. bytes (REL,CON,CODE)

      Value  Global                              Global Defined In Module
      -----  --------------------------------   ------------------------
ASxxxx Linker V03.00 + NoICE + sdld,  page 19.
Hexadecimal  [32-Bits]

Area                                    Addr        Size        Decimal Bytes (Attributes)
--------------------------------        ----        ----        ------- ----- ------------
CSEG                                00000088    00000859 =        2137. bytes (REL,CON,CODE)

      Value  Global                              Global Defined In Module
      -----  --------------------------------   ------------------------
C:   00000088  _Delay2400                         LanbonL6_customfirmware
C:   0000009D  _Uart1_init                        LanbonL6_customfirmware
C:   000000C5  _SendData                          LanbonL6_customfirmware
C:   000000D1  _ReceiveData                       LanbonL6_customfirmware
C:   000000ED  _UART1_int                         LanbonL6_customfirmware
C:   00000158  _SendString                        LanbonL6_customfirmware
C:   00000183  _SendNumber                        LanbonL6_customfirmware
C:   00000220  _Delay                             LanbonL6_customfirmware
C:   00000239  _TouchDelay                        LanbonL6_customfirmware
C:   00000252  _delay_ms                          LanbonL6_customfirmware
C:   0000026D  _blueLEDAllOn                      LanbonL6_customfirmware
C:   00000280  _blueLEDOn                         LanbonL6_customfirmware
C:   000002D5  _redLEDAllFlash                    LanbonL6_customfirmware
C:   000002F3  _blueLEDAllFlash                   LanbonL6_customfirmware
C:   00000311  _button0_action                    LanbonL6_customfirmware
C:   0000031F  _button1_action                    LanbonL6_customfirmware
C:   0000032D  _button2_action                    LanbonL6_customfirmware
C:   0000033F  _relay0_state                      LanbonL6_customfirmware
C:   00000365  _relay1_state                      LanbonL6_customfirmware
C:   0000038B  _relay2_state                      LanbonL6_customfirmware
C:   000003B1  _GetGangType                       LanbonL6_customfirmware
C:   000003DE  _Reset                             LanbonL6_customfirmware
C:   0000040F  _main                              LanbonL6_customfirmware
C:   000005B4  ___fssub                           _fssub
C:   000005BF  ___fsmul                           _fsmul
C:   00000662  fsgetargs                          _fsget2args
C:   00000690  fs_normalize_a                     _fsnormalize
C:   000006C3  ___fsadd                           _fsadd
C:   000006C6  fsadd_direct_entry                 _fsadd
C:   0000071C  ___fs2sint                         _fs2sint
C:   00000750  ___sint2fs                         _sint2fs
C:   0000075D  fs_round_and_return                _fsreturnval
C:   00000775  fs_zerocheck_return                _fsreturnval
C:   0000077E  fs_return_zero                     _fsreturnval
C:   00000786  fs_direct_return                   _fsreturnval
C:   00000794  fs_return_inf                      _fsreturnval
C:   000007A1  fs_return_nan                      _fsreturnval
C:   000007AC  fs_swap_a_b                        _fsswapargs
C:   000007C6  __gptrget                          _gptrget
C:   000007E2  ___uchar2fs                        _uchar2fs
C:   000007ED  ___slong2fs                        _slong2fs
C:   000007F6  slong2fs_doit                      _slong2fs
C:   0000081A  ___ulong2fs                        _ulong2fs
C:   00000823  ulong2fs_doit                      _ulong2fs
C:   0000082D  fs_rshift_a                        _fsrshift
C:   00000870  ___fs2slong                        _fs2slong
C:   000008CB  __sdcc_external_startup            _startup
C:   000008CF  fsgetarg                           _fsget1arg
ASxxxx Linker V03.00 + NoICE + sdld,  page 20.
Hexadecimal  [32-Bits]

Area                                    Addr        Size        Decimal Bytes (Attributes)
--------------------------------        ----        ----        ------- ----- ------------
CONST                               000008E1    00000057 =          87. bytes (REL,CON,CODE)

      Value  Global                              Global Defined In Module
      -----  --------------------------------   ------------------------
ASxxxx Linker V03.00 + NoICE + sdld,  page 21.

Files Linked                              [ module(s) ]

LanbonL6_customfirmware.rel               [  ]


Libraries Linked                          [ object file ]

D:\Projects\Compilers\SDCC\bin\..\lib\small/libfloat.lib
                                          [ _fssub.rel ]
D:\Projects\Compilers\SDCC\bin\..\lib\small/libfloat.lib
                                          [ _fsmul.rel ]
D:\Projects\Compilers\SDCC\bin\..\lib\small/libfloat.lib
                                          [ _fsget2args.rel ]
D:\Projects\Compilers\SDCC\bin\..\lib\small/mcs51.lib
                                          [ crtclear.rel ]
D:\Projects\Compilers\SDCC\bin\..\lib\small/libfloat.lib
                                          [ _fsnormalize.rel ]
D:\Projects\Compilers\SDCC\bin\..\lib\small/mcs51.lib
                                          [ crtxinit.rel ]
D:\Projects\Compilers\SDCC\bin\..\lib\small/libfloat.lib
                                          [ _fsadd.rel ]
D:\Projects\Compilers\SDCC\bin\..\lib\small/mcs51.lib
                                          [ crtxclear.rel ]
D:\Projects\Compilers\SDCC\bin\..\lib\small/libfloat.lib
                                          [ _fs2sint.rel ]
D:\Projects\Compilers\SDCC\bin\..\lib\small/libfloat.lib
                                          [ _sint2fs.rel ]
D:\Projects\Compilers\SDCC\bin\..\lib\small/libfloat.lib
                                          [ _fsreturnval.rel ]
D:\Projects\Compilers\SDCC\bin\..\lib\small/mcs51.lib
                                          [ crtpagesfr.rel ]
D:\Projects\Compilers\SDCC\bin\..\lib\small/libfloat.lib
                                          [ _fsswapargs.rel ]
D:\Projects\Compilers\SDCC\bin\..\lib\small/mcs51.lib
                                          [ crtstart.rel ]
D:\Projects\Compilers\SDCC\bin\..\lib\small/libsdcc.lib
                                          [ _gptrget.rel ]
D:\Projects\Compilers\SDCC\bin\..\lib\small/libfloat.lib
                                          [ _uchar2fs.rel ]
D:\Projects\Compilers\SDCC\bin\..\lib\small/libfloat.lib
                                          [ _slong2fs.rel ]
D:\Projects\Compilers\SDCC\bin\..\lib\small/libfloat.lib
                                          [ _ulong2fs.rel ]
D:\Projects\Compilers\SDCC\bin\..\lib\small/libfloat.lib
                                          [ _fsrshift.rel ]
D:\Projects\Compilers\SDCC\bin\..\lib\small/libfloat.lib
                                          [ _fs2slong.rel ]
D:\Projects\Compilers\SDCC\bin\..\lib\small/libsdcc.lib
                                          [ _startup.rel ]
D:\Projects\Compilers\SDCC\bin\..\lib\small/libfloat.lib
                                          [ _fsget1arg.rel ]

ASxxxx Linker V03.00 + NoICE + sdld,  page 22.

User Base Address Definitions

HOME = 0x0000
XSEG = 0x0001
PSEG = 0x0001
ISEG = 0x0000
BSEG = 0x0000

